@file:Suppress(
  "RedundantVisibilityModifier",
  "RedundantUnitReturnType",
  "FunctionName",
  "PropertyName",
  "ObjectPropertyName",
  "MemberVisibilityCanBePrivate",
  "ConstantConditionIf",
  "CanBeParameter",
  "unused",
  "RemoveExplicitTypeArguments",
  "RedundantSuppression",
  "KotlinRedundantDiagnosticSuppress",
)

package io.github.ermadmi78.kobby.testcases.disable_projection_checking.kobby.kotlin.dto.graphql

import kotlin.Int
import kotlin.String
import kotlin.Suppress
import kotlinx.serialization.Serializable

@Serializable
public data class CinemaErrorSourceLocation(
  public val line: Int,
  public val column: Int,
  public val sourceName: String? = null,
)
