@file:Suppress(
  "RedundantVisibilityModifier",
  "RedundantUnitReturnType",
  "FunctionName",
  "PropertyName",
  "ObjectPropertyName",
  "MemberVisibilityCanBePrivate",
  "ConstantConditionIf",
  "CanBeParameter",
  "unused",
  "RemoveExplicitTypeArguments",
  "RedundantSuppression",
  "KotlinRedundantDiagnosticSuppress",
)

package io.github.ermadmi78.kobby.testcases.disable_projection_checking.kobby.kotlin.dto.graphql

import kotlin.String
import kotlin.Suppress
import kotlin.collections.List
import kotlinx.serialization.Serializable
import kotlinx.serialization.json.JsonArray
import kotlinx.serialization.json.JsonObject

@Serializable
public data class CinemaError(
  public val message: String,
  public val locations: List<CinemaErrorSourceLocation>? = null,
  public val errorType: String? = null,
  public val path: JsonArray? = null,
  public val extensions: JsonObject? = null,
)
