@file:Suppress(
  "RedundantVisibilityModifier",
  "RedundantUnitReturnType",
  "FunctionName",
  "PropertyName",
  "ObjectPropertyName",
  "MemberVisibilityCanBePrivate",
  "ConstantConditionIf",
  "CanBeParameter",
  "unused",
  "RemoveExplicitTypeArguments",
  "RedundantSuppression",
  "KotlinRedundantDiagnosticSuppress",
)

package io.github.ermadmi78.kobby.testcases.disable_projection_checking.kobby.kotlin.dto.graphql

import kotlin.String
import kotlin.Suppress
import kotlinx.serialization.Serializable
import kotlinx.serialization.json.JsonObject

@Serializable
public data class CinemaRequest(
  public val query: String,
  public val variables: JsonObject? = null,
  public val operationName: String? = null,
)
