@file:Suppress(
  "RedundantVisibilityModifier",
  "RedundantUnitReturnType",
  "FunctionName",
  "PropertyName",
  "ObjectPropertyName",
  "MemberVisibilityCanBePrivate",
  "ConstantConditionIf",
  "CanBeParameter",
  "unused",
  "RemoveExplicitTypeArguments",
  "RedundantSuppression",
  "KotlinRedundantDiagnosticSuppress",
)

package io.github.ermadmi78.kobby.testcases.disable_projection_checking.kobby.kotlin.entity

import io.github.ermadmi78.kobby.testcases.disable_projection_checking.kobby.kotlin.CinemaContext
import io.github.ermadmi78.kobby.testcases.disable_projection_checking.kobby.kotlin.CinemaDSL
import kotlin.Long
import kotlin.Suppress
import kotlin.Unit

public interface Subscription {
  /**
   * Listen new countries
   */
  public val countryCreated: Country

  /**
   * Listen new films
   */
  public val filmCreated: Film

  /**
   * Listen new actors
   */
  public val actorCreated: Actor

  public fun __context(): CinemaContext

  public fun SubscriptionProjection.__withCurrentProjection()
}

@CinemaDSL
public interface SubscriptionProjection {
  /**
   * Listen new countries
   */
  public fun countryCreated(__projection: CountryProjection.() -> Unit = {})

  /**
   * Listen new films
   */
  public fun filmCreated(countryId: Long? = null, __projection: FilmProjection.() -> Unit = {})

  /**
   * Listen new actors
   */
  public fun actorCreated(countryId: Long? = null, __projection: ActorProjection.() -> Unit = {})

  public fun __minimize() {
  }
}
