@file:Suppress(
  "RedundantVisibilityModifier",
  "RedundantUnitReturnType",
  "FunctionName",
  "PropertyName",
  "ObjectPropertyName",
  "MemberVisibilityCanBePrivate",
  "ConstantConditionIf",
  "CanBeParameter",
  "unused",
  "RemoveExplicitTypeArguments",
  "RedundantSuppression",
  "KotlinRedundantDiagnosticSuppress",
)

package io.github.ermadmi78.kobby.testcases.disable_projection_checking.kobby.kotlin.entity.`impl`

import io.github.ermadmi78.kobby.testcases.disable_projection_checking.kobby.kotlin.CinemaContext
import io.github.ermadmi78.kobby.testcases.disable_projection_checking.kobby.kotlin.cinemaJson
import io.github.ermadmi78.kobby.testcases.disable_projection_checking.kobby.kotlin.dto.CountryDto
import io.github.ermadmi78.kobby.testcases.disable_projection_checking.kobby.kotlin.dto.Gender
import io.github.ermadmi78.kobby.testcases.disable_projection_checking.kobby.kotlin.dto.Genre
import io.github.ermadmi78.kobby.testcases.disable_projection_checking.kobby.kotlin.entity.Actor
import io.github.ermadmi78.kobby.testcases.disable_projection_checking.kobby.kotlin.entity.ActorProjection
import io.github.ermadmi78.kobby.testcases.disable_projection_checking.kobby.kotlin.entity.Country
import io.github.ermadmi78.kobby.testcases.disable_projection_checking.kobby.kotlin.entity.CountryActorsQuery
import io.github.ermadmi78.kobby.testcases.disable_projection_checking.kobby.kotlin.entity.CountryActorsSelection
import io.github.ermadmi78.kobby.testcases.disable_projection_checking.kobby.kotlin.entity.CountryFilmsQuery
import io.github.ermadmi78.kobby.testcases.disable_projection_checking.kobby.kotlin.entity.CountryFilmsSelection
import io.github.ermadmi78.kobby.testcases.disable_projection_checking.kobby.kotlin.entity.CountryProjection
import io.github.ermadmi78.kobby.testcases.disable_projection_checking.kobby.kotlin.entity.EntityFieldsSelection
import io.github.ermadmi78.kobby.testcases.disable_projection_checking.kobby.kotlin.entity.Film
import io.github.ermadmi78.kobby.testcases.disable_projection_checking.kobby.kotlin.entity.FilmProjection
import io.github.ermadmi78.kobby.testcases.disable_projection_checking.kobby.kotlin.entity.Native
import io.github.ermadmi78.kobby.testcases.disable_projection_checking.kobby.kotlin.entity.NativeQualifiedProjection
import io.github.ermadmi78.kobby.testcases.disable_projection_checking.kobby.kotlin.entity.Taggable
import io.github.ermadmi78.kobby.testcases.disable_projection_checking.kobby.kotlin.entity.TaggableQualifiedProjection
import io.github.ermadmi78.kobby.testcases.serialization_main.kobby.kotlin.dto.serializer.LocalDateSerializer
import java.time.LocalDate
import kotlin.Any
import kotlin.Boolean
import kotlin.Int
import kotlin.Long
import kotlin.String
import kotlin.Suppress
import kotlin.Unit
import kotlin.apply
import kotlin.collections.List
import kotlin.collections.MutableMap
import kotlin.collections.Set
import kotlin.collections.listOf
import kotlin.collections.map
import kotlin.collections.setOf
import kotlin.text.StringBuilder
import kotlin.text.buildString
import kotlin.text.isNotEmpty
import kotlinx.serialization.Serializable
import kotlinx.serialization.json.JsonElement
import kotlinx.serialization.json.JsonObject
import kotlinx.serialization.json.encodeToJsonElement

internal class CountryImpl(
  internal val __innerContext: CinemaContext,
  internal val __innerProjection: CountryProjectionImpl,
  internal val __innerDto: CountryDto,
) : Country {
  override val id: Long
    get() = __innerDto.id!!

  override val fields: JsonObject
    get() = __innerDto.fields!!

  override val name: String
    get() = __innerDto.name!!

  override val film: Film? by lazy {
    __innerDto.resolveFilm(__innerContext, __innerProjection.__innerFilm3!!)
  }

  override val films: List<Film> by lazy {
    __innerDto.resolveFilms(__innerContext, __innerProjection.__innerFilms4!!)
  }

  override val actor: Actor? by lazy {
    __innerDto.resolveActor(__innerContext, __innerProjection.__innerActor5!!)
  }

  override val actors: List<Actor> by lazy {
    __innerDto.resolveActors(__innerContext, __innerProjection.__innerActors6!!)
  }

  override val taggable: List<Taggable> by lazy {
    __innerDto.resolveTaggable(__innerContext, __innerProjection.__innerTaggable7!!)
  }

  override val native: List<Native> by lazy {
    __innerDto.resolveNative(__innerContext, __innerProjection.__innerNative8!!)
  }

  override fun equals(other: Any?): Boolean {
    if (this === other) {
      return true
    }
    if (this.javaClass != other?.javaClass) {
      return false
    }

    other as CountryImpl
    return __innerDto.id == other.__innerDto.id
  }

  override fun hashCode(): Int = __innerDto.id?.hashCode() ?: 0

  @Suppress("UNUSED_PARAMETER", "UNUSED_CHANGED_VALUE", "KotlinConstantConditions")
  override fun toString(): String = buildString {
    append("Country").append('(')

    var counter = 0

    if (true) {
      if (counter++ > 0) {
        append(", ")
      }
      append("id").append('=').append(id)
    }

    if (__innerProjection.__innerFields1 != null) {
      if (counter++ > 0) {
        append(", ")
      }
      append("fields").append('=').append(fields)
    }

    if (__innerProjection.__innerName2) {
      if (counter++ > 0) {
        append(", ")
      }
      append("name").append('=').append(name)
    }

    if (__innerProjection.__innerFilm3 != null) {
      if (counter++ > 0) {
        append(", ")
      }
      append("film").append('=').append(film)
    }

    if (__innerProjection.__innerFilms4 != null) {
      if (counter++ > 0) {
        append(", ")
      }
      append("films").append('=').append(films)
    }

    if (__innerProjection.__innerActor5 != null) {
      if (counter++ > 0) {
        append(", ")
      }
      append("actor").append('=').append(actor)
    }

    if (__innerProjection.__innerActors6 != null) {
      if (counter++ > 0) {
        append(", ")
      }
      append("actors").append('=').append(actors)
    }

    if (__innerProjection.__innerTaggable7 != null) {
      if (counter++ > 0) {
        append(", ")
      }
      append("taggable").append('=').append(taggable)
    }

    if (__innerProjection.__innerNative8 != null) {
      if (counter++ > 0) {
        append(", ")
      }
      append("native").append('=').append(native)
    }

    append(')')
  }

  override fun __context(): CinemaContext = __innerContext

  override fun CountryProjection.__withCurrentProjection() {
    __innerProjection.___innerRepeatProjection(setOf(), this)
  }
}

internal open class CountryProjectionImpl : CountryProjection {
  internal var __innerFields1: EntityFieldsSelectionImpl? = null

  internal var __innerName2: Boolean = true

  internal var __innerFilm3: FilmProjectionImpl? = null

  internal var __innerFilm3Id: Long? = null

  internal var __innerFilms4: CountryFilmsQueryImpl? = null

  internal var __innerActor5: ActorProjectionImpl? = null

  internal var __innerActor5Id: Long? = null

  internal var __innerActors6: CountryActorsQueryImpl? = null

  internal var __innerTaggable7: TaggableQualifiedProjectionImpl? = null

  internal var __innerTaggable7Tag: String? = null

  internal var __innerNative8: NativeQualifiedProjectionImpl? = null

  override fun fields(__selection: EntityFieldsSelection.() -> Unit) {
    __innerFields1 = EntityFieldsSelectionImpl().apply(__selection)
  }

  override fun __withoutName() {
    __innerName2 = false
  }

  override fun film(id: Long, __projection: FilmProjection.() -> Unit) {
    __innerFilm3 = FilmProjectionImpl().apply(__projection)
    __innerFilm3Id = id
  }

  override fun films(__query: CountryFilmsQuery.() -> Unit) {
    __innerFilms4 = CountryFilmsQueryImpl().apply(__query)
  }

  override fun actor(id: Long, __projection: ActorProjection.() -> Unit) {
    __innerActor5 = ActorProjectionImpl().apply(__projection)
    __innerActor5Id = id
  }

  override fun actors(__query: CountryActorsQuery.() -> Unit) {
    __innerActors6 = CountryActorsQueryImpl().apply(__query)
  }

  override fun taggable(tag: String, __projection: TaggableQualifiedProjection.() -> Unit) {
    __innerTaggable7 = TaggableQualifiedProjectionImpl().apply(__projection)
    __innerTaggable7Tag = tag
  }

  override fun native(__projection: NativeQualifiedProjection.() -> Unit) {
    __innerNative8 = NativeQualifiedProjectionImpl().apply(__projection)
  }

  @Suppress("UNUSED_PARAMETER", "UNUSED_CHANGED_VALUE", "KotlinConstantConditions")
  internal fun ___innerRepeatProjection(ignore: Set<String>, __projection: CountryProjection) {
    if ("fields" !in ignore && __innerFields1 != null) {
      __projection.fields {
        this@CountryProjectionImpl.__innerFields1!!.___innerRepeatSelection(this)
      }
    }
    if ("name" !in ignore && !__innerName2) {
      __projection.__withoutName()
    }
    if ("film" !in ignore && __innerFilm3 != null) {
      __projection.film(__innerFilm3Id!!) {
        this@CountryProjectionImpl.__innerFilm3!!.___innerRepeatProjection(setOf(), this)
      }
    }
    if ("films" !in ignore && __innerFilms4 != null) {
      __projection.films {
        this@CountryProjectionImpl.__innerFilms4!!.___innerRepeatProjection(setOf(), this)
        this@CountryProjectionImpl.__innerFilms4!!.___innerRepeatSelection(this)
      }
    }
    if ("actor" !in ignore && __innerActor5 != null) {
      __projection.actor(__innerActor5Id!!) {
        this@CountryProjectionImpl.__innerActor5!!.___innerRepeatProjection(setOf(), this)
      }
    }
    if ("actors" !in ignore && __innerActors6 != null) {
      __projection.actors {
        this@CountryProjectionImpl.__innerActors6!!.___innerRepeatProjection(setOf(), this)
        this@CountryProjectionImpl.__innerActors6!!.___innerRepeatSelection(this)
      }
    }
    if ("taggable" !in ignore && __innerTaggable7 != null) {
      __projection.taggable(__innerTaggable7Tag!!) {
        this@CountryProjectionImpl.__innerTaggable7!!.___innerRepeatProjection(setOf(), this)
      }
    }
    if ("native" !in ignore && __innerNative8 != null) {
      __projection.native {
        this@CountryProjectionImpl.__innerNative8!!.___innerRepeatProjection(setOf(), this)
      }
    }
  }

  /**
   * Projection for field: fields
   */
  @Suppress("UNUSED_PARAMETER", "UNUSED_CHANGED_VALUE", "KotlinConstantConditions")
  private fun ____innerBuildFields1(
    ignore: Set<String>,
    `header`: StringBuilder,
    body: StringBuilder,
    arguments: MutableMap<String, JsonElement>,
  ) {
    if ("fields" !in ignore && __innerFields1 != null) {
      body.append(' ').append("fields")
      var counter = 0
      val addBrackets = __innerFields1!!.keys != null
      if (addBrackets) {
        body.append('(')
      }

      // Argument: fields.keys
      if (__innerFields1!!.keys != null) {
        if (counter++ > 0) {
          body.append(", ")
        }
        val arg = "arg" + arguments.size
        arguments[arg] = cinemaJson.encodeToJsonElement(__innerFields1!!.keys!!)
        body.append("keys").append(": ").append('$').append(arg)

        if (header.isNotEmpty()) {
          header.append(", ")
        }
        header.append('$').append(arg).append(": ").append("[String!]")
      }

      if (addBrackets) {
        body.append(')')
      }
    }
  }

  /**
   * Projection for field: film
   */
  @Suppress("UNUSED_PARAMETER", "UNUSED_CHANGED_VALUE", "KotlinConstantConditions")
  private fun ____innerBuildFilm3(
    ignore: Set<String>,
    `header`: StringBuilder,
    body: StringBuilder,
    arguments: MutableMap<String, JsonElement>,
  ) {
    if ("film" !in ignore && __innerFilm3 != null) {
      body.append(' ').append("film")
      var counter = 0
      val addBrackets = true
      if (addBrackets) {
        body.append('(')
      }

      // Argument: film.id
      if (true) {
        if (counter++ > 0) {
          body.append(", ")
        }
        val arg = "arg" + arguments.size
        arguments[arg] = cinemaJson.encodeToJsonElement(__innerFilm3Id!!)
        body.append("id").append(": ").append('$').append(arg)

        if (header.isNotEmpty()) {
          header.append(", ")
        }
        header.append('$').append(arg).append(": ").append("ID!")
      }

      if (addBrackets) {
        body.append(')')
      }

      // Build nested projection of Film
      __innerFilm3!!.___innerBuild(setOf(), header, body, arguments)
    }
  }

  /**
   * Projection for field: films
   */
  @Suppress("UNUSED_PARAMETER", "UNUSED_CHANGED_VALUE", "KotlinConstantConditions")
  private fun ____innerBuildFilms4(
    ignore: Set<String>,
    `header`: StringBuilder,
    body: StringBuilder,
    arguments: MutableMap<String, JsonElement>,
  ) {
    if ("films" !in ignore && __innerFilms4 != null) {
      body.append(' ').append("films")
      var counter = 0
      val addBrackets = __innerFilms4!!.title != null || __innerFilms4!!.genre != null ||
          __innerFilms4!!.limit != null || __innerFilms4!!.offset != null
      if (addBrackets) {
        body.append('(')
      }

      // Argument: films.title
      if (__innerFilms4!!.title != null) {
        if (counter++ > 0) {
          body.append(", ")
        }
        val arg = "arg" + arguments.size
        arguments[arg] = cinemaJson.encodeToJsonElement(__innerFilms4!!.title!!)
        body.append("title").append(": ").append('$').append(arg)

        if (header.isNotEmpty()) {
          header.append(", ")
        }
        header.append('$').append(arg).append(": ").append("String")
      }

      // Argument: films.genre
      if (__innerFilms4!!.genre != null) {
        if (counter++ > 0) {
          body.append(", ")
        }
        val arg = "arg" + arguments.size
        arguments[arg] = cinemaJson.encodeToJsonElement(__innerFilms4!!.genre!!)
        body.append("genre").append(": ").append('$').append(arg)

        if (header.isNotEmpty()) {
          header.append(", ")
        }
        header.append('$').append(arg).append(": ").append("Genre")
      }

      // Argument: films.limit
      if (__innerFilms4!!.limit != null) {
        if (counter++ > 0) {
          body.append(", ")
        }
        val arg = "arg" + arguments.size
        arguments[arg] = cinemaJson.encodeToJsonElement(__innerFilms4!!.limit!!)
        body.append("limit").append(": ").append('$').append(arg)

        if (header.isNotEmpty()) {
          header.append(", ")
        }
        header.append('$').append(arg).append(": ").append("Int!")
      }

      // Argument: films.offset
      if (__innerFilms4!!.offset != null) {
        if (counter++ > 0) {
          body.append(", ")
        }
        val arg = "arg" + arguments.size
        arguments[arg] = cinemaJson.encodeToJsonElement(__innerFilms4!!.offset!!)
        body.append("offset").append(": ").append('$').append(arg)

        if (header.isNotEmpty()) {
          header.append(", ")
        }
        header.append('$').append(arg).append(": ").append("Int!")
      }

      if (addBrackets) {
        body.append(')')
      }

      // Build nested projection of Film
      __innerFilms4!!.___innerBuild(setOf(), header, body, arguments)
    }
  }

  /**
   * Projection for field: actor
   */
  @Suppress("UNUSED_PARAMETER", "UNUSED_CHANGED_VALUE", "KotlinConstantConditions")
  private fun ____innerBuildActor5(
    ignore: Set<String>,
    `header`: StringBuilder,
    body: StringBuilder,
    arguments: MutableMap<String, JsonElement>,
  ) {
    if ("actor" !in ignore && __innerActor5 != null) {
      body.append(' ').append("actor")
      var counter = 0
      val addBrackets = true
      if (addBrackets) {
        body.append('(')
      }

      // Argument: actor.id
      if (true) {
        if (counter++ > 0) {
          body.append(", ")
        }
        val arg = "arg" + arguments.size
        arguments[arg] = cinemaJson.encodeToJsonElement(__innerActor5Id!!)
        body.append("id").append(": ").append('$').append(arg)

        if (header.isNotEmpty()) {
          header.append(", ")
        }
        header.append('$').append(arg).append(": ").append("ID!")
      }

      if (addBrackets) {
        body.append(')')
      }

      // Build nested projection of Actor
      __innerActor5!!.___innerBuild(setOf(), header, body, arguments)
    }
  }

  /**
   * Projection for field: actors
   */
  @Suppress("UNUSED_PARAMETER", "UNUSED_CHANGED_VALUE", "KotlinConstantConditions")
  private fun ____innerBuildActors6(
    ignore: Set<String>,
    `header`: StringBuilder,
    body: StringBuilder,
    arguments: MutableMap<String, JsonElement>,
  ) {
    if ("actors" !in ignore && __innerActors6 != null) {
      body.append(' ').append("actors")
      var counter = 0
      val addBrackets = __innerActors6!!.firstName != null || __innerActors6!!.lastName != null ||
          __innerActors6!!.birthdayFrom != null || __innerActors6!!.birthdayTo != null ||
          __innerActors6!!.gender != null || __innerActors6!!.limit != null ||
          __innerActors6!!.offset != null
      if (addBrackets) {
        body.append('(')
      }

      // Argument: actors.firstName
      if (__innerActors6!!.firstName != null) {
        if (counter++ > 0) {
          body.append(", ")
        }
        val arg = "arg" + arguments.size
        arguments[arg] = cinemaJson.encodeToJsonElement(__innerActors6!!.firstName!!)
        body.append("firstName").append(": ").append('$').append(arg)

        if (header.isNotEmpty()) {
          header.append(", ")
        }
        header.append('$').append(arg).append(": ").append("String")
      }

      // Argument: actors.lastName
      if (__innerActors6!!.lastName != null) {
        if (counter++ > 0) {
          body.append(", ")
        }
        val arg = "arg" + arguments.size
        arguments[arg] = cinemaJson.encodeToJsonElement(__innerActors6!!.lastName!!)
        body.append("lastName").append(": ").append('$').append(arg)

        if (header.isNotEmpty()) {
          header.append(", ")
        }
        header.append('$').append(arg).append(": ").append("String")
      }

      // Argument: actors.birthdayFrom
      if (__innerActors6!!.birthdayFrom != null) {
        if (counter++ > 0) {
          body.append(", ")
        }
        val arg = "arg" + arguments.size
        arguments[arg] = cinemaJson.encodeToJsonElement(__innerActors6!!.birthdayFrom!!)
        body.append("birthdayFrom").append(": ").append('$').append(arg)

        if (header.isNotEmpty()) {
          header.append(", ")
        }
        header.append('$').append(arg).append(": ").append("Date")
      }

      // Argument: actors.birthdayTo
      if (__innerActors6!!.birthdayTo != null) {
        if (counter++ > 0) {
          body.append(", ")
        }
        val arg = "arg" + arguments.size
        arguments[arg] = cinemaJson.encodeToJsonElement(__innerActors6!!.birthdayTo!!)
        body.append("birthdayTo").append(": ").append('$').append(arg)

        if (header.isNotEmpty()) {
          header.append(", ")
        }
        header.append('$').append(arg).append(": ").append("Date")
      }

      // Argument: actors.gender
      if (__innerActors6!!.gender != null) {
        if (counter++ > 0) {
          body.append(", ")
        }
        val arg = "arg" + arguments.size
        arguments[arg] = cinemaJson.encodeToJsonElement(__innerActors6!!.gender!!)
        body.append("gender").append(": ").append('$').append(arg)

        if (header.isNotEmpty()) {
          header.append(", ")
        }
        header.append('$').append(arg).append(": ").append("Gender")
      }

      // Argument: actors.limit
      if (__innerActors6!!.limit != null) {
        if (counter++ > 0) {
          body.append(", ")
        }
        val arg = "arg" + arguments.size
        arguments[arg] = cinemaJson.encodeToJsonElement(__innerActors6!!.limit!!)
        body.append("limit").append(": ").append('$').append(arg)

        if (header.isNotEmpty()) {
          header.append(", ")
        }
        header.append('$').append(arg).append(": ").append("Int!")
      }

      // Argument: actors.offset
      if (__innerActors6!!.offset != null) {
        if (counter++ > 0) {
          body.append(", ")
        }
        val arg = "arg" + arguments.size
        arguments[arg] = cinemaJson.encodeToJsonElement(__innerActors6!!.offset!!)
        body.append("offset").append(": ").append('$').append(arg)

        if (header.isNotEmpty()) {
          header.append(", ")
        }
        header.append('$').append(arg).append(": ").append("Int!")
      }

      if (addBrackets) {
        body.append(')')
      }

      // Build nested projection of Actor
      __innerActors6!!.___innerBuild(setOf(), header, body, arguments)
    }
  }

  /**
   * Projection for field: taggable
   */
  @Suppress("UNUSED_PARAMETER", "UNUSED_CHANGED_VALUE", "KotlinConstantConditions")
  private fun ____innerBuildTaggable7(
    ignore: Set<String>,
    `header`: StringBuilder,
    body: StringBuilder,
    arguments: MutableMap<String, JsonElement>,
  ) {
    if ("taggable" !in ignore && __innerTaggable7 != null) {
      body.append(' ').append("taggable")
      var counter = 0
      val addBrackets = true
      if (addBrackets) {
        body.append('(')
      }

      // Argument: taggable.tag
      if (true) {
        if (counter++ > 0) {
          body.append(", ")
        }
        val arg = "arg" + arguments.size
        arguments[arg] = cinemaJson.encodeToJsonElement(__innerTaggable7Tag!!)
        body.append("tag").append(": ").append('$').append(arg)

        if (header.isNotEmpty()) {
          header.append(", ")
        }
        header.append('$').append(arg).append(": ").append("String!")
      }

      if (addBrackets) {
        body.append(')')
      }

      // Build nested projection of Taggable
      __innerTaggable7!!.___innerBuild(setOf(), header, body, arguments)
    }
  }

  /**
   * Projection builder function
   */
  @Suppress("UNUSED_PARAMETER", "UNUSED_CHANGED_VALUE", "KotlinConstantConditions")
  internal fun ___innerBuild(
    ignore: Set<String>,
    `header`: StringBuilder,
    body: StringBuilder,
    arguments: MutableMap<String, JsonElement>,
  ) {
    body.append(' ').append('{')

    // Field: id
    if ("id" !in ignore) {
      body.append(' ').append("id")
    }

    // Field: fields
    ____innerBuildFields1(ignore, header, body, arguments)

    // Field: name
    if ("name" !in ignore && __innerName2) {
      body.append(' ').append("name")
    }

    // Field: film
    ____innerBuildFilm3(ignore, header, body, arguments)

    // Field: films
    ____innerBuildFilms4(ignore, header, body, arguments)

    // Field: actor
    ____innerBuildActor5(ignore, header, body, arguments)

    // Field: actors
    ____innerBuildActors6(ignore, header, body, arguments)

    // Field: taggable
    ____innerBuildTaggable7(ignore, header, body, arguments)

    // Field: native
    if ("native" !in ignore && __innerNative8 != null) {
      body.append(' ').append("native")

      // Build nested projection of Native
      __innerNative8!!.___innerBuild(setOf(), header, body, arguments)
    }

    body.append(' ').append('}')
  }
}

internal class CountryFilmsQueryImpl : FilmProjectionImpl(), CountryFilmsQuery {
  override var title: String? = null

  override var genre: Genre? = null

  override var limit: Int? = null

  override var offset: Int? = null

  @Suppress("UNUSED_PARAMETER", "UNUSED_CHANGED_VALUE", "KotlinConstantConditions")
  internal fun ___innerRepeatSelection(__selection: CountryFilmsSelection) {
    __selection.title = title
    __selection.genre = genre
    __selection.limit = limit
    __selection.offset = offset
  }
}

internal class CountryActorsQueryImpl : ActorProjectionImpl(), CountryActorsQuery {
  override var firstName: String? = null

  override var lastName: String? = null

  override var birthdayFrom: @Serializable(with = LocalDateSerializer::class) LocalDate? = null

  override var birthdayTo: @Serializable(with = LocalDateSerializer::class) LocalDate? = null

  override var gender: Gender? = null

  override var limit: Int? = null

  override var offset: Int? = null

  @Suppress("UNUSED_PARAMETER", "UNUSED_CHANGED_VALUE", "KotlinConstantConditions")
  internal fun ___innerRepeatSelection(__selection: CountryActorsSelection) {
    __selection.firstName = firstName
    __selection.lastName = lastName
    __selection.birthdayFrom = birthdayFrom
    __selection.birthdayTo = birthdayTo
    __selection.gender = gender
    __selection.limit = limit
    __selection.offset = offset
  }
}

internal fun CountryDto.buildEntity(__innerContext: CinemaContext,
    __innerProjection: CountryProjectionImpl): Country =
    CountryImpl(__innerContext, __innerProjection, this)

internal fun CountryDto.resolveFilm(__innerContext: CinemaContext,
    __innerProjection: FilmProjectionImpl): Film? =
    film?.buildEntity(__innerContext, __innerProjection)

internal fun CountryDto.resolveFilms(__innerContext: CinemaContext,
    __innerProjection: FilmProjectionImpl): List<Film> =
    films?.map { it.buildEntity(__innerContext, __innerProjection) } ?: listOf()

internal fun CountryDto.resolveActor(__innerContext: CinemaContext,
    __innerProjection: ActorProjectionImpl): Actor? =
    actor?.buildEntity(__innerContext, __innerProjection)

internal fun CountryDto.resolveActors(__innerContext: CinemaContext,
    __innerProjection: ActorProjectionImpl): List<Actor> =
    actors?.map { it.buildEntity(__innerContext, __innerProjection) } ?: listOf()

internal fun CountryDto.resolveTaggable(__innerContext: CinemaContext,
    __innerProjection: TaggableQualifiedProjectionImpl): List<Taggable> =
    taggable?.map { it.buildEntity(__innerContext, __innerProjection) } ?: listOf()

internal fun CountryDto.resolveNative(__innerContext: CinemaContext,
    __innerProjection: NativeQualifiedProjectionImpl): List<Native> =
    native?.map { it.buildEntity(__innerContext, __innerProjection) } ?: listOf()
