@file:Suppress(
  "RedundantVisibilityModifier",
  "RedundantUnitReturnType",
  "FunctionName",
  "PropertyName",
  "ObjectPropertyName",
  "MemberVisibilityCanBePrivate",
  "ConstantConditionIf",
  "CanBeParameter",
  "unused",
  "RemoveExplicitTypeArguments",
  "RedundantSuppression",
  "KotlinRedundantDiagnosticSuppress",
)

package io.github.ermadmi78.kobby.testcases.disable_projection_checking.kobby.kotlin.entity.`impl`

import io.github.ermadmi78.kobby.testcases.disable_projection_checking.kobby.kotlin.CinemaContext
import io.github.ermadmi78.kobby.testcases.disable_projection_checking.kobby.kotlin.dto.ActorDto
import io.github.ermadmi78.kobby.testcases.disable_projection_checking.kobby.kotlin.dto.FilmDto
import io.github.ermadmi78.kobby.testcases.disable_projection_checking.kobby.kotlin.dto.NativeDto
import io.github.ermadmi78.kobby.testcases.disable_projection_checking.kobby.kotlin.entity.ActorProjection
import io.github.ermadmi78.kobby.testcases.disable_projection_checking.kobby.kotlin.entity.FilmProjection
import io.github.ermadmi78.kobby.testcases.disable_projection_checking.kobby.kotlin.entity.Native
import io.github.ermadmi78.kobby.testcases.disable_projection_checking.kobby.kotlin.entity.NativeQualifiedProjection
import kotlin.String
import kotlin.Suppress
import kotlin.Unit
import kotlin.apply
import kotlin.collections.MutableMap
import kotlin.collections.Set
import kotlin.collections.setOf
import kotlin.error
import kotlin.text.StringBuilder
import kotlinx.serialization.json.JsonElement

internal open class NativeQualifiedProjectionImpl : NativeQualifiedProjection {
  internal val ___inner__onFilm: FilmProjectionImpl = FilmProjectionImpl()

  internal val ___inner__onActor: ActorProjectionImpl = ActorProjectionImpl()

  override fun __onFilm(__projection: FilmProjection.() -> Unit) {
    FilmProjectionImpl().apply(__projection).___innerRepeatProjection(setOf(), ___inner__onFilm)
  }

  override fun __onActor(__projection: ActorProjection.() -> Unit) {
    ActorProjectionImpl().apply(__projection).___innerRepeatProjection(setOf(), ___inner__onActor)
  }

  @Suppress("UNUSED_PARAMETER", "UNUSED_CHANGED_VALUE", "KotlinConstantConditions")
  internal fun ___innerRepeatProjection(ignore: Set<String>,
      __projection: NativeQualifiedProjection) {
    __projection.__onFilm {
      this@NativeQualifiedProjectionImpl.___inner__onFilm.___innerRepeatProjection(setOf(), this)
    }
    __projection.__onActor {
      this@NativeQualifiedProjectionImpl.___inner__onActor.___innerRepeatProjection(setOf(), this)
    }
  }

  /**
   * Projection builder function
   */
  @Suppress("UNUSED_PARAMETER", "UNUSED_CHANGED_VALUE", "KotlinConstantConditions")
  internal fun ___innerBuild(
    ignore: Set<String>,
    `header`: StringBuilder,
    body: StringBuilder,
    arguments: MutableMap<String, JsonElement>,
  ) {
    body.append(' ').append('{')

    body.append(' ').append("__typename")

    val subBody = StringBuilder()

    // Qualification of: Film
    subBody.clear()
    ___inner__onFilm.___innerBuild(setOf(), header, subBody, arguments)
    if (subBody.length > 4) {
      body.append(" ... on ").append("Film").append(subBody)
    }

    // Qualification of: Actor
    subBody.clear()
    ___inner__onActor.___innerBuild(setOf(), header, subBody, arguments)
    if (subBody.length > 4) {
      body.append(" ... on ").append("Actor").append(subBody)
    }

    body.append(' ').append('}')
  }
}

internal fun NativeDto.buildEntity(__innerContext: CinemaContext,
    __innerProjection: NativeQualifiedProjectionImpl): Native = when(this) {
  is FilmDto -> FilmImpl(__innerContext, __innerProjection.___inner__onFilm, this)
  is ActorDto -> ActorImpl(__innerContext, __innerProjection.___inner__onActor, this)
  else -> error("""Invalid algorithm - unexpected dto type: ${this::class.simpleName}""")
}
