@file:Suppress(
  "RedundantVisibilityModifier",
  "RedundantUnitReturnType",
  "FunctionName",
  "PropertyName",
  "ObjectPropertyName",
  "MemberVisibilityCanBePrivate",
  "ConstantConditionIf",
  "CanBeParameter",
  "unused",
  "RemoveExplicitTypeArguments"
)

package io.github.ermadmi78.kobby.testcases.multifile.kobby.kotlin

import io.github.ermadmi78.kobby.testcases.multifile.kobby.kotlin.dto.MyMutationDto
import io.github.ermadmi78.kobby.testcases.multifile.kobby.kotlin.dto.MyQueryDto
import io.github.ermadmi78.kobby.testcases.multifile.kobby.kotlin.dto.MySubscriptionDto
import io.github.ermadmi78.kobby.testcases.multifile.kobby.kotlin.entity.MyMutation
import io.github.ermadmi78.kobby.testcases.multifile.kobby.kotlin.entity.MyMutationProjection
import io.github.ermadmi78.kobby.testcases.multifile.kobby.kotlin.entity.MyQuery
import io.github.ermadmi78.kobby.testcases.multifile.kobby.kotlin.entity.MyQueryProjection
import io.github.ermadmi78.kobby.testcases.multifile.kobby.kotlin.entity.MySubscription
import io.github.ermadmi78.kobby.testcases.multifile.kobby.kotlin.entity.MySubscriptionProjection
import io.github.ermadmi78.kobby.testcases.multifile.kobby.kotlin.entity.impl.MyMutationProjectionImpl
import io.github.ermadmi78.kobby.testcases.multifile.kobby.kotlin.entity.impl.MyQueryProjectionImpl
import io.github.ermadmi78.kobby.testcases.multifile.kobby.kotlin.entity.impl.MySubscriptionProjectionImpl
import io.github.ermadmi78.kobby.testcases.multifile.kobby.kotlin.entity.impl.buildEntity
import kotlin.Any
import kotlin.DslMarker
import kotlin.NotImplementedError
import kotlin.Pair
import kotlin.String
import kotlin.Suppress
import kotlin.Unit
import kotlin.apply
import kotlin.collections.Map
import kotlin.collections.MutableMap
import kotlin.collections.mutableMapOf
import kotlin.collections.setOf
import kotlin.reflect.KClass
import kotlin.text.StringBuilder
import kotlin.text.buildString
import kotlin.text.isNotEmpty
import kotlin.to

public fun graphqlContextOf(adapter: GraphqlAdapter): GraphqlContext = GraphqlContextImpl(adapter)

public interface GraphqlContext {
  public suspend fun query(__projection: MyQueryProjection.() -> Unit): MyQuery

  public suspend fun mutation(__projection: MyMutationProjection.() -> Unit): MyMutation

  public fun subscription(__projection: MySubscriptionProjection.() -> Unit):
      GraphqlSubscriber<MySubscription>
}

public fun graphqlBuilderOf(): GraphqlBuilder = GraphqlBuilderImpl()

public interface GraphqlBuilder {
  public fun buildQuery(__projection: MyQueryProjection.() -> Unit): Pair<String, Map<String, Any>>

  public fun buildMutation(__projection: MyMutationProjection.() -> Unit): Pair<String, Map<String,
      Any>>

  public fun buildSubscription(__projection: MySubscriptionProjection.() -> Unit): Pair<String,
      Map<String, Any>>
}

public fun interface GraphqlSubscriber<T> {
  public suspend fun subscribe(block: suspend GraphqlReceiver<T>.() -> Unit): Unit
}

@GraphqlDSL
public fun interface GraphqlReceiver<out T> {
  public suspend fun receive(): T
}

public interface GraphqlAdapter {
  public suspend fun executeQuery(query: String, variables: Map<String, Any?>): MyQueryDto = throw
      NotImplementedError("Adapter function executeQuery is not implemented")

  public suspend fun executeMutation(query: String, variables: Map<String, Any?>): MyMutationDto =
      throw NotImplementedError("Adapter function executeMutation is not implemented")

  public suspend fun executeSubscription(
    query: String,
    variables: Map<String, Any?>,
    block: suspend GraphqlReceiver<MySubscriptionDto>.() -> Unit
  ): Unit = throw NotImplementedError("Adapter function executeSubscription is not implemented")
}

private class GraphqlBuilderImpl : GraphqlBuilder {
  public override fun buildQuery(__projection: MyQueryProjection.() -> Unit): Pair<String,
      Map<String, Any>> {
    val projectionRef = MyQueryProjectionImpl().apply(__projection)

    val header = StringBuilder()
    val body = StringBuilder(64)
    val arguments: MutableMap<String, Any> = mutableMapOf()
    projectionRef.___innerBuild(setOf(), header, body, arguments)

    val query = buildString(header.length + body.length + 7) {
      append("query")
      if (header.isNotEmpty()) {
        append('(').append(header).append(')')
      }
      append(body)
    }

    return query to arguments
  }

  public override fun buildMutation(__projection: MyMutationProjection.() -> Unit): Pair<String,
      Map<String, Any>> {
    val projectionRef = MyMutationProjectionImpl().apply(__projection)

    val header = StringBuilder()
    val body = StringBuilder(64)
    val arguments: MutableMap<String, Any> = mutableMapOf()
    projectionRef.___innerBuild(setOf(), header, body, arguments)

    val mutation = buildString(header.length + body.length + 10) {
      append("mutation")
      if (header.isNotEmpty()) {
        append('(').append(header).append(')')
      }
      append(body)
    }

    return mutation to arguments
  }

  public override fun buildSubscription(__projection: MySubscriptionProjection.() -> Unit):
      Pair<String, Map<String, Any>> {
    val projectionRef = MySubscriptionProjectionImpl().apply(__projection)

    val header = StringBuilder()
    val body = StringBuilder(64)
    val arguments: MutableMap<String, Any> = mutableMapOf()
    projectionRef.___innerBuild(setOf(), header, body, arguments)

    val subscription = buildString(header.length + body.length + 14) {
      append("subscription")
      if (header.isNotEmpty()) {
        append('(').append(header).append(')')
      }
      append(body)
    }

    return subscription to arguments
  }
}

private class GraphqlContextImpl(
  private val adapter: GraphqlAdapter,
  private val builder: GraphqlBuilder = GraphqlBuilderImpl()
) : GraphqlContext {
  /**
   * https://youtrack.jetbrains.com/issue/KTIJ-844
   */
  @Suppress("BlockingMethodInNonBlockingContext")
  public override suspend fun query(__projection: MyQueryProjection.() -> Unit): MyQuery {
    val projectionRef = MyQueryProjectionImpl().apply(__projection)
    val (query, arguments) = builder.buildQuery(__projection)
    val queryDto: MyQueryDto = adapter.executeQuery(query, arguments)
    return queryDto.buildEntity(this, projectionRef)
  }

  /**
   * https://youtrack.jetbrains.com/issue/KTIJ-844
   */
  @Suppress("BlockingMethodInNonBlockingContext")
  public override suspend fun mutation(__projection: MyMutationProjection.() -> Unit): MyMutation {
    val projectionRef = MyMutationProjectionImpl().apply(__projection)
    val (mutation, arguments) = builder.buildMutation(__projection)
    val mutationDto: MyMutationDto = adapter.executeMutation(mutation, arguments)
    return mutationDto.buildEntity(this, projectionRef)
  }

  public override fun subscription(__projection: MySubscriptionProjection.() -> Unit):
      GraphqlSubscriber<MySubscription> {
    val projectionRef = MySubscriptionProjectionImpl().apply(__projection)
    val (subscription, arguments) = builder.buildSubscription(__projection)
    return GraphqlSubscriber<MySubscription> {
      adapter.executeSubscription(subscription, arguments) {
        val receiver = GraphqlReceiver<MySubscription> {
          val subscriptionDto: MySubscriptionDto = receive()
          subscriptionDto.buildEntity(this@GraphqlContextImpl, projectionRef)
        }
        it.invoke(receiver)
      }
    }
  }
}

/**
 * Helper interface for default adapter implementations
 */
public interface GraphqlMapper {
  public fun serialize(`value`: Any): String

  public fun <T : Any> deserialize(content: String, contentType: KClass<T>): T
}

@DslMarker
public annotation class GraphqlDSL
